Archive member included to satisfy reference by file (symbol)

/home/fahmad/.local/xPacks/@xpack-dev-tools/riscv-none-elf-gcc/13.2.0-2.1/.content/bin/../lib/gcc/riscv-none-elf/13.2.0/rv32ec/ilp32e/libgcc.a(muldi3.o)
                              ./build/./vendor/Debug/debug.c.o (__mulsi3)
/home/fahmad/.local/xPacks/@xpack-dev-tools/riscv-none-elf-gcc/13.2.0-2.1/.content/bin/../lib/gcc/riscv-none-elf/13.2.0/rv32ec/ilp32e/libgcc.a(div.o)
                              ./build/./vendor/Peripheral/src/ch32v00x_rcc.c.o (__divsi3)
/home/fahmad/.local/xPacks/@xpack-dev-tools/riscv-none-elf-gcc/13.2.0-2.1/.content/bin/../lib/gcc/riscv-none-elf/13.2.0/../../../../riscv-none-elf/lib/rv32ec/ilp32e/libg_nano.a(libc_a-atexit.o)
                              ./build/./vendor/Startup/startup_ch32v00x.S.o (atexit)
/home/fahmad/.local/xPacks/@xpack-dev-tools/riscv-none-elf-gcc/13.2.0-2.1/.content/bin/../lib/gcc/riscv-none-elf/13.2.0/../../../../riscv-none-elf/lib/rv32ec/ilp32e/libg_nano.a(libc_a-printf.o)
                              ./build/./app/main.c.o (printf)
/home/fahmad/.local/xPacks/@xpack-dev-tools/riscv-none-elf-gcc/13.2.0-2.1/.content/bin/../lib/gcc/riscv-none-elf/13.2.0/../../../../riscv-none-elf/lib/rv32ec/ilp32e/libg_nano.a(libc_a-puts.o)
                              ./build/./app/main.c.o (puts)
/home/fahmad/.local/xPacks/@xpack-dev-tools/riscv-none-elf-gcc/13.2.0-2.1/.content/bin/../lib/gcc/riscv-none-elf/13.2.0/../../../../riscv-none-elf/lib/rv32ec/ilp32e/libg_nano.a(libc_a-wbuf.o)
                              /home/fahmad/.local/xPacks/@xpack-dev-tools/riscv-none-elf-gcc/13.2.0-2.1/.content/bin/../lib/gcc/riscv-none-elf/13.2.0/../../../../riscv-none-elf/lib/rv32ec/ilp32e/libg_nano.a(libc_a-puts.o) (__swbuf_r)
/home/fahmad/.local/xPacks/@xpack-dev-tools/riscv-none-elf-gcc/13.2.0-2.1/.content/bin/../lib/gcc/riscv-none-elf/13.2.0/../../../../riscv-none-elf/lib/rv32ec/ilp32e/libg_nano.a(libc_a-wsetup.o)
                              /home/fahmad/.local/xPacks/@xpack-dev-tools/riscv-none-elf-gcc/13.2.0-2.1/.content/bin/../lib/gcc/riscv-none-elf/13.2.0/../../../../riscv-none-elf/lib/rv32ec/ilp32e/libg_nano.a(libc_a-puts.o) (__swsetup_r)
/home/fahmad/.local/xPacks/@xpack-dev-tools/riscv-none-elf-gcc/13.2.0-2.1/.content/bin/../lib/gcc/riscv-none-elf/13.2.0/../../../../riscv-none-elf/lib/rv32ec/ilp32e/libg_nano.a(libc_a-impure.o)
                              /home/fahmad/.local/xPacks/@xpack-dev-tools/riscv-none-elf-gcc/13.2.0-2.1/.content/bin/../lib/gcc/riscv-none-elf/13.2.0/../../../../riscv-none-elf/lib/rv32ec/ilp32e/libg_nano.a(libc_a-printf.o) (_impure_ptr)
/home/fahmad/.local/xPacks/@xpack-dev-tools/riscv-none-elf-gcc/13.2.0-2.1/.content/bin/../lib/gcc/riscv-none-elf/13.2.0/../../../../riscv-none-elf/lib/rv32ec/ilp32e/libg_nano.a(libc_a-init.o)
                              ./build/./vendor/Startup/startup_ch32v00x.S.o (__libc_init_array)
/home/fahmad/.local/xPacks/@xpack-dev-tools/riscv-none-elf-gcc/13.2.0-2.1/.content/bin/../lib/gcc/riscv-none-elf/13.2.0/../../../../riscv-none-elf/lib/rv32ec/ilp32e/libg_nano.a(libc_a-fini.o)
                              ./build/./vendor/Startup/startup_ch32v00x.S.o (__libc_fini_array)
/home/fahmad/.local/xPacks/@xpack-dev-tools/riscv-none-elf-gcc/13.2.0-2.1/.content/bin/../lib/gcc/riscv-none-elf/13.2.0/../../../../riscv-none-elf/lib/rv32ec/ilp32e/libg_nano.a(libc_a-lock.o)
                              /home/fahmad/.local/xPacks/@xpack-dev-tools/riscv-none-elf-gcc/13.2.0-2.1/.content/bin/../lib/gcc/riscv-none-elf/13.2.0/../../../../riscv-none-elf/lib/rv32ec/ilp32e/libg_nano.a(libc_a-puts.o) (__retarget_lock_acquire_recursive)
/home/fahmad/.local/xPacks/@xpack-dev-tools/riscv-none-elf-gcc/13.2.0-2.1/.content/bin/../lib/gcc/riscv-none-elf/13.2.0/../../../../riscv-none-elf/lib/rv32ec/ilp32e/libg_nano.a(libc_a-__atexit.o)
                              /home/fahmad/.local/xPacks/@xpack-dev-tools/riscv-none-elf-gcc/13.2.0-2.1/.content/bin/../lib/gcc/riscv-none-elf/13.2.0/../../../../riscv-none-elf/lib/rv32ec/ilp32e/libg_nano.a(libc_a-atexit.o) (__register_exitproc)
/home/fahmad/.local/xPacks/@xpack-dev-tools/riscv-none-elf-gcc/13.2.0-2.1/.content/bin/../lib/gcc/riscv-none-elf/13.2.0/../../../../riscv-none-elf/lib/rv32ec/ilp32e/libg_nano.a(libc_a-__call_atexit.o)
                              /home/fahmad/.local/xPacks/@xpack-dev-tools/riscv-none-elf-gcc/13.2.0-2.1/.content/bin/../lib/gcc/riscv-none-elf/13.2.0/../../../../riscv-none-elf/lib/rv32ec/ilp32e/libg_nano.a(libc_a-__atexit.o) (__call_exitprocs)
/home/fahmad/.local/xPacks/@xpack-dev-tools/riscv-none-elf-gcc/13.2.0-2.1/.content/bin/../lib/gcc/riscv-none-elf/13.2.0/../../../../riscv-none-elf/lib/rv32ec/ilp32e/libg_nano.a(libc_a-freer.o)
                              /home/fahmad/.local/xPacks/@xpack-dev-tools/riscv-none-elf-gcc/13.2.0-2.1/.content/bin/../lib/gcc/riscv-none-elf/13.2.0/../../../../riscv-none-elf/lib/rv32ec/ilp32e/libg_nano.a(libc_a-wsetup.o) (_free_r)
[...]
Memory Configuration

Name             Origin             Length             Attributes
FLASH            0x00000000         0x00004000         xr
RAM              0x20000000         0x00000800         xrw
*default*        0x00000000         0xffffffff

Linker script and memory map

LOAD ./build/./app/main.c.o
LOAD ./build/./vendor/Core/core_riscv.c.o
LOAD ./build/./vendor/Debug/debug.c.o
LOAD ./build/./vendor/Peripheral/src/ch32v00x_adc.c.o
LOAD ./build/./vendor/Peripheral/src/ch32v00x_dbgmcu.c.o
LOAD ./build/./vendor/Peripheral/src/ch32v00x_dma.c.o
LOAD ./build/./vendor/Peripheral/src/ch32v00x_exti.c.o
LOAD ./build/./vendor/Peripheral/src/ch32v00x_flash.c.o
LOAD ./build/./vendor/Peripheral/src/ch32v00x_gpio.c.o
LOAD ./build/./vendor/Peripheral/src/ch32v00x_i2c.c.o
LOAD ./build/./vendor/Peripheral/src/ch32v00x_iwdg.c.o
LOAD ./build/./vendor/Peripheral/src/ch32v00x_misc.c.o
LOAD ./build/./vendor/Peripheral/src/ch32v00x_opa.c.o
LOAD ./build/./vendor/Peripheral/src/ch32v00x_pwr.c.o
LOAD ./build/./vendor/Peripheral/src/ch32v00x_rcc.c.o
LOAD ./build/./vendor/Peripheral/src/ch32v00x_spi.c.o
LOAD ./build/./vendor/Peripheral/src/ch32v00x_tim.c.o
LOAD ./build/./vendor/Peripheral/src/ch32v00x_usart.c.o
LOAD ./build/./vendor/Peripheral/src/ch32v00x_wwdg.c.o
LOAD ./build/./vendor/Startup/startup_ch32v00x.S.o
LOAD ./build/./vendor/User/ch32v00x_it.c.o
LOAD ./build/./vendor/User/system_ch32v00x.c.o
LOAD /home/fahmad/.local/xPacks/@xpack-dev-tools/riscv-none-elf-gcc/13.2.0-2.1/.content/bin/../lib/gcc/riscv-none-elf/13.2.0/rv32ec/ilp32e/libgcc.a
LOAD /home/fahmad/.local/xPacks/@xpack-dev-tools/riscv-none-elf-gcc/13.2.0-2.1/.content/bin/../lib/gcc/riscv-none-elf/13.2.0/../../../../riscv-none-elf/lib/rv32ec/ilp32e/libg_nano.a
LOAD /home/fahmad/.local/xPacks/@xpack-dev-tools/riscv-none-elf-gcc/13.2.0-2.1/.content/bin/../lib/gcc/riscv-none-elf/13.2.0/../../../../riscv-none-elf/lib/rv32ec/ilp32e/libc_nano.a
LOAD /home/fahmad/.local/xPacks/@xpack-dev-tools/riscv-none-elf-gcc/13.2.0-2.1/.content/bin/../lib/gcc/riscv-none-elf/13.2.0/rv32ec/ilp32e/libgcc.a
START GROUP
LOAD /home/fahmad/.local/xPacks/@xpack-dev-tools/riscv-none-elf-gcc/13.2.0-2.1/.content/bin/../lib/gcc/riscv-none-elf/13.2.0/rv32ec/ilp32e/libgcc.a
LOAD /home/fahmad/.local/xPacks/@xpack-dev-tools/riscv-none-elf-gcc/13.2.0-2.1/.content/bin/../lib/gcc/riscv-none-elf/13.2.0/../../../../riscv-none-elf/lib/rv32ec/ilp32e/libc_nano.a
LOAD /home/fahmad/.local/xPacks/@xpack-dev-tools/riscv-none-elf-gcc/13.2.0-2.1/.content/bin/../lib/gcc/riscv-none-elf/13.2.0/../../../../riscv-none-elf/lib/rv32ec/ilp32e/libnosys.a
END GROUP
START GROUP
LOAD /home/fahmad/.local/xPacks/@xpack-dev-tools/riscv-none-elf-gcc/13.2.0-2.1/.content/bin/../lib/gcc/riscv-none-elf/13.2.0/rv32ec/ilp32e/libgcc.a
LOAD /home/fahmad/.local/xPacks/@xpack-dev-tools/riscv-none-elf-gcc/13.2.0-2.1/.content/bin/../lib/gcc/riscv-none-elf/13.2.0/../../../../riscv-none-elf/lib/rv32ec/ilp32e/libc_nano.a
LOAD /home/fahmad/.local/xPacks/@xpack-dev-tools/riscv-none-elf-gcc/13.2.0-2.1/.content/bin/../lib/gcc/riscv-none-elf/13.2.0/../../../../riscv-none-elf/lib/rv32ec/ilp32e/libnosys.a
END GROUP
                0x00000100                        __stack_size = 0x100
                [!provide]                        PROVIDE (_stack_size = __stack_size)

.init           0x00000000       0xa0
                0x00000000                        _sinit = .
                0x00000000                        . = ALIGN (0x4)
 *(SORT_NONE(.init))
 .init          0x00000000       0x9e ./build/./vendor/Startup/startup_ch32v00x.S.o
                0x00000000                _start
                0x000000a0                        . = ALIGN (0x4)
 *fill*         0x0000009e        0x2 
                0x000000a0                        _einit = .

.text           0x000000a0     0x1b10
                0x000000a0                        . = ALIGN (0x4)
 *(.text)
 .text          0x000000a0       0x16 /home/fahmad/.local/xPacks/@xpack-dev-tools/riscv-none-elf-gcc/13.2.0-2.1/.content/bin/../lib/gcc/riscv-none-elf/13.2.0/rv32ec/ilp32e/libgcc.a(muldi3.o)
                0x000000a0                __mulsi3
 *fill*         0x000000b6        0x2 
 .text          0x000000b8       0x7e /home/fahmad/.local/xPacks/@xpack-dev-tools/riscv-none-elf-gcc/13.2.0-2.1/.content/bin/../lib/gcc/riscv-none-elf/13.2.0/rv32ec/ilp32e/libgcc.a(div.o)
                0x000000b8                __divsi3
                0x000000c0                __hidden___udivsi3
                0x000000c0                __udivsi3
                0x000000ec                __umodsi3
                0x00000110                __modsi3
 .text          0x00000136       0x10 /home/fahmad/.local/xPacks/@xpack-dev-tools/riscv-none-elf-gcc/13.2.0-2.1/.content/bin/../lib/gcc/riscv-none-elf/13.2.0/../../../../riscv-none-elf/lib/rv32ec/ilp32e/libg_nano.a(libc_a-memset.o)
                0x00000136                memset
 *(.text.*)
 .text.GPIO_Toggle_init
                0x00000146       0x34 ./build/./app/main.c.o
                0x00000146                GPIO_Toggle_init
 .text.startup.main
                0x0000017a       0x68 ./build/./app/main.c.o
                0x0000017a                main
 .text.Delay_Init
                0x000001e2       0x34 ./build/./vendor/Debug/debug.c.o
                0x000001e2                Delay_Init
 .text.Delay_Ms
                0x00000216       0x3e ./build/./vendor/Debug/debug.c.o
                0x00000216                Delay_Ms
 .text.USART_Printf_Init
                0x00000254       0x60 ./build/./vendor/Debug/debug.c.o
                0x00000254                USART_Printf_Init
 .text._write   0x000002b4       0x4a ./build/./vendor/Debug/debug.c.o
                0x000002b4                _write
 .text._sbrk    0x000002fe       0x26 ./build/./vendor/Debug/debug.c.o
                0x000002fe                _sbrk
 .text._fini    0x00000324        0x2 ./build/./vendor/Debug/debug.c.o
                0x00000324                _fini
 .text._init    0x00000326        0x2 ./build/./vendor/Debug/debug.c.o
                0x00000326                _init
 .text.GPIO_Init
                0x00000328       0xd4 ./build/./vendor/Peripheral/src/ch32v00x_gpio.c.o
                0x00000328                GPIO_Init
 .text.GPIO_WriteBit
                0x000003fc        0xa ./build/./vendor/Peripheral/src/ch32v00x_gpio.c.o
                0x000003fc                GPIO_WriteBit
 .text.NVIC_PriorityGroupConfig
                0x00000406        0x6 ./build/./vendor/Peripheral/src/ch32v00x_misc.c.o
                0x00000406                NVIC_PriorityGroupConfig
 .text.RCC_GetClocksFreq
                0x0000040c       0x94 ./build/./vendor/Peripheral/src/ch32v00x_rcc.c.o
                0x0000040c                RCC_GetClocksFreq
 .text.RCC_APB2PeriphClockCmd
                0x000004a0       0x1e ./build/./vendor/Peripheral/src/ch32v00x_rcc.c.o
                0x000004a0                RCC_APB2PeriphClockCmd
 .text.USART_Init
                0x000004be       0xe8 ./build/./vendor/Peripheral/src/ch32v00x_usart.c.o
                0x000004be                USART_Init
 .text.USART_Cmd
                0x000005a6       0x18 ./build/./vendor/Peripheral/src/ch32v00x_usart.c.o
                0x000005a6                USART_Cmd
 .text.USART_SendData
                0x000005be        0xa ./build/./vendor/Peripheral/src/ch32v00x_usart.c.o
                0x000005be                USART_SendData
 .text.USART_GetFlagStatus
                0x000005c8        0xc ./build/./vendor/Peripheral/src/ch32v00x_usart.c.o
                0x000005c8                USART_GetFlagStatus
 .text.vector_handler
                0x000005d4       0x36 ./build/./vendor/Startup/startup_ch32v00x.S.o
                0x000005d8                SysTick_Handler
                0x000005da                SW_Handler
                0x000005dc                WWDG_IRQHandler
                0x000005de                PVD_IRQHandler
                0x000005e0                FLASH_IRQHandler
                0x000005e2                RCC_IRQHandler
                0x000005e4                EXTI7_0_IRQHandler
                0x000005e6                AWU_IRQHandler
                0x000005e8                DMA1_Channel1_IRQHandler
                0x000005ea                DMA1_Channel2_IRQHandler
                0x000005ec                DMA1_Channel3_IRQHandler
                0x000005ee                DMA1_Channel4_IRQHandler
                0x000005f0                DMA1_Channel5_IRQHandler
                0x000005f2                DMA1_Channel6_IRQHandler
                0x000005f4                DMA1_Channel7_IRQHandler
                0x000005f6                ADC1_IRQHandler
                0x000005f8                I2C1_EV_IRQHandler
                0x000005fa                I2C1_ER_IRQHandler
                0x000005fc                USART1_IRQHandler
                0x000005fe                SPI1_IRQHandler
                0x00000600                TIM1_BRK_IRQHandler
                0x00000602                TIM1_UP_IRQHandler
                0x00000604                TIM1_TRG_COM_IRQHandler
                0x00000606                TIM1_CC_IRQHandler
                0x00000608                TIM2_IRQHandler
 .text.handle_reset
                0x0000060a       0x88 ./build/./vendor/Startup/startup_ch32v00x.S.o
                0x0000060a                handle_reset
 .text.NMI_Handler
                0x00000692        0x2 ./build/./vendor/User/ch32v00x_it.c.o
                0x00000692                NMI_Handler
 .text.HardFault_Handler
                0x00000694        0x2 ./build/./vendor/User/ch32v00x_it.c.o
                0x00000694                HardFault_Handler
 .text.SystemInit
                0x00000696       0xfe ./build/./vendor/User/system_ch32v00x.c.o
                0x00000696                SystemInit
 .text.SystemCoreClockUpdate
                0x00000794       0x68 ./build/./vendor/User/system_ch32v00x.c.o
                0x00000794                SystemCoreClockUpdate
 .text.atexit   0x000007fc        0xa /home/fahmad/.local/xPacks/@xpack-dev-tools/riscv-none-elf-gcc/13.2.0-2.1/.content/bin/../lib/gcc/riscv-none-elf/13.2.0/../../../../riscv-none-elf/lib/rv32ec/ilp32e/libg_nano.a(libc_a-atexit.o)
                0x000007fc                atexit
 .text.printf   0x00000806       0x28 /home/fahmad/.local/xPacks/@xpack-dev-tools/riscv-none-elf-gcc/13.2.0-2.1/.content/bin/../lib/gcc/riscv-none-elf/13.2.0/../../../../riscv-none-elf/lib/rv32ec/ilp32e/libg_nano.a(libc_a-printf.o)
                0x00000806                printf
                0x00000806                iprintf
 .text._puts_r  0x0000082e       0xc6 /home/fahmad/.local/xPacks/@xpack-dev-tools/riscv-none-elf-gcc/13.2.0-2.1/.content/bin/../lib/gcc/riscv-none-elf/13.2.0/../../../../riscv-none-elf/lib/rv32ec/ilp32e/libg_nano.a(libc_a-puts.o)
                0x0000082e                _puts_r
 .text.puts     0x000008f4        0x8 /home/fahmad/.local/xPacks/@xpack-dev-tools/riscv-none-elf-gcc/13.2.0-2.1/.content/bin/../lib/gcc/riscv-none-elf/13.2.0/../../../../riscv-none-elf/lib/rv32ec/ilp32e/libg_nano.a(libc_a-puts.o)
                0x000008f4                puts
 .text.__swbuf_r
                0x000008fc       0x9a /home/fahmad/.local/xPacks/@xpack-dev-tools/riscv-none-elf-gcc/13.2.0-2.1/.content/bin/../lib/gcc/riscv-none-elf/13.2.0/../../../../riscv-none-elf/lib/rv32ec/ilp32e/libg_nano.a(libc_a-wbuf.o)
                0x000008fc                __swbuf_r
 .text.__swsetup_r
                0x00000996       0xc8 /home/fahmad/.local/xPacks/@xpack-dev-tools/riscv-none-elf-gcc/13.2.0-2.1/.content/bin/../lib/gcc/riscv-none-elf/13.2.0/../../../../riscv-none-elf/lib/rv32ec/ilp32e/libg_nano.a(libc_a-wsetup.o)
                0x00000996                __swsetup_r
 .text.__libc_init_array
                0x00000a5e       0x72 /home/fahmad/.local/xPacks/@xpack-dev-tools/riscv-none-elf-gcc/13.2.0-2.1/.content/bin/../lib/gcc/riscv-none-elf/13.2.0/../../../../riscv-none-elf/lib/rv32ec/ilp32e/libg_nano.a(libc_a-init.o)
                0x00000a5e                __libc_init_array
 .text.__libc_fini_array
                0x00000ad0       0x36 /home/fahmad/.local/xPacks/@xpack-dev-tools/riscv-none-elf-gcc/13.2.0-2.1/.content/bin/../lib/gcc/riscv-none-elf/13.2.0/../../../../riscv-none-elf/lib/rv32ec/ilp32e/libg_nano.a(libc_a-fini.o)
                0x00000ad0                __libc_fini_array
 .text.__retarget_lock_init_recursive
                0x00000b06        0x2 /home/fahmad/.local/xPacks/@xpack-dev-tools/riscv-none-elf-gcc/13.2.0-2.1/.content/bin/../lib/gcc/riscv-none-elf/13.2.0/../../../../riscv-none-elf/lib/rv32ec/ilp32e/libg_nano.a(libc_a-lock.o)
                0x00000b06                __retarget_lock_init_recursive
 .text.__retarget_lock_acquire_recursive
                0x00000b08        0x2 /home/fahmad/.local/xPacks/@xpack-dev-tools/riscv-none-elf-gcc/13.2.0-2.1/.content/bin/../lib/gcc/riscv-none-elf/13.2.0/../../../../riscv-none-elf/lib/rv32ec/ilp32e/libg_nano.a(libc_a-lock.o)
                0x00000b08                __retarget_lock_acquire_recursive
 .text.__retarget_lock_release_recursive
                0x00000b0a        0x2 /home/fahmad/.local/xPacks/@xpack-dev-tools/riscv-none-elf-gcc/13.2.0-2.1/.content/bin/../lib/gcc/riscv-none-elf/13.2.0/../../../../riscv-none-elf/lib/rv32ec/ilp32e/libg_nano.a(libc_a-lock.o)
                0x00000b0a                __retarget_lock_release_recursive
 .text.__register_exitproc
                0x00000b0c       0xa8 /home/fahmad/.local/xPacks/@xpack-dev-tools/riscv-none-elf-gcc/13.2.0-2.1/.content/bin/../lib/gcc/riscv-none-elf/13.2.0/../../../../riscv-none-elf/lib/rv32ec/ilp32e/libg_nano.a(libc_a-__atexit.o)
                0x00000b0c                __register_exitproc
 .text._free_r  0x00000bb4       0x9e /home/fahmad/.local/xPacks/@xpack-dev-tools/riscv-none-elf-gcc/13.2.0-2.1/.content/bin/../lib/gcc/riscv-none-elf/13.2.0/../../../../riscv-none-elf/lib/rv32ec/ilp32e/libg_nano.a(libc_a-freer.o)
                0x00000bb4                _free_r
 .text.sbrk_aligned
                0x00000c52       0x52 /home/fahmad/.local/xPacks/@xpack-dev-tools/riscv-none-elf-gcc/13.2.0-2.1/.content/bin/../lib/gcc/riscv-none-elf/13.2.0/../../../../riscv-none-elf/lib/rv32ec/ilp32e/libg_nano.a(libc_a-mallocr.o)
 .text._malloc_r
                0x00000ca4      0x11c /home/fahmad/.local/xPacks/@xpack-dev-tools/riscv-none-elf-gcc/13.2.0-2.1/.content/bin/../lib/gcc/riscv-none-elf/13.2.0/../../../../riscv-none-elf/lib/rv32ec/ilp32e/libg_nano.a(libc_a-mallocr.o)
                0x00000ca4                _malloc_r
 .text.__malloc_lock
                0x00000dc0        0x6 /home/fahmad/.local/xPacks/@xpack-dev-tools/riscv-none-elf-gcc/13.2.0-2.1/.content/bin/../lib/gcc/riscv-none-elf/13.2.0/../../../../riscv-none-elf/lib/rv32ec/ilp32e/libg_nano.a(libc_a-mlock.o)
                0x00000dc0                __malloc_lock
 .text.__malloc_unlock
                0x00000dc6        0x6 /home/fahmad/.local/xPacks/@xpack-dev-tools/riscv-none-elf-gcc/13.2.0-2.1/.content/bin/../lib/gcc/riscv-none-elf/13.2.0/../../../../riscv-none-elf/lib/rv32ec/ilp32e/libg_nano.a(libc_a-mlock.o)
                0x00000dc6                __malloc_unlock
 .text.__sfputc_r
                0x00000dcc       0x28 /home/fahmad/.local/xPacks/@xpack-dev-tools/riscv-none-elf-gcc/13.2.0-2.1/.content/bin/../lib/gcc/riscv-none-elf/13.2.0/../../../../riscv-none-elf/lib/rv32ec/ilp32e/libg_nano.a(libc_a-nano-vfprintf.o)
 .text.__sfputs_r
                0x00000df4       0x36 /home/fahmad/.local/xPacks/@xpack-dev-tools/riscv-none-elf-gcc/13.2.0-2.1/.content/bin/../lib/gcc/riscv-none-elf/13.2.0/../../../../riscv-none-elf/lib/rv32ec/ilp32e/libg_nano.a(libc_a-nano-vfprintf.o)
                0x00000df4                __sfputs_r
 .text._vfprintf_r
                0x00000e2a      0x2bc /home/fahmad/.local/xPacks/@xpack-dev-tools/riscv-none-elf-gcc/13.2.0-2.1/.content/bin/../lib/gcc/riscv-none-elf/13.2.0/../../../../riscv-none-elf/lib/rv32ec/ilp32e/libg_nano.a(libc_a-nano-vfprintf.o)
                0x00000e2a                _vfiprintf_r
                0x00000e2a                _vfprintf_r
 .text._printf_common
                0x000010e6      0x100 /home/fahmad/.local/xPacks/@xpack-dev-tools/riscv-none-elf-gcc/13.2.0-2.1/.content/bin/../lib/gcc/riscv-none-elf/13.2.0/../../../../riscv-none-elf/lib/rv32ec/ilp32e/libg_nano.a(libc_a-nano-vfprintf_i.o)
                0x000010e6                _printf_common
 .text._printf_i
                0x000011e6      0x272 /home/fahmad/.local/xPacks/@xpack-dev-tools/riscv-none-elf-gcc/13.2.0-2.1/.content/bin/../lib/gcc/riscv-none-elf/13.2.0/../../../../riscv-none-elf/lib/rv32ec/ilp32e/libg_nano.a(libc_a-nano-vfprintf_i.o)
                0x000011e6                _printf_i
 .text.__sflush_r
                0x00001458      0x134 /home/fahmad/.local/xPacks/@xpack-dev-tools/riscv-none-elf-gcc/13.2.0-2.1/.content/bin/../lib/gcc/riscv-none-elf/13.2.0/../../../../riscv-none-elf/lib/rv32ec/ilp32e/libg_nano.a(libc_a-fflush.o)
                0x00001458                __sflush_r
 .text._fflush_r
                0x0000158c       0x5e /home/fahmad/.local/xPacks/@xpack-dev-tools/riscv-none-elf-gcc/13.2.0-2.1/.content/bin/../lib/gcc/riscv-none-elf/13.2.0/../../../../riscv-none-elf/lib/rv32ec/ilp32e/libg_nano.a(libc_a-fflush.o)
                0x0000158c                _fflush_r
 .text.std      0x000015ea       0x94 /home/fahmad/.local/xPacks/@xpack-dev-tools/riscv-none-elf-gcc/13.2.0-2.1/.content/bin/../lib/gcc/riscv-none-elf/13.2.0/../../../../riscv-none-elf/lib/rv32ec/ilp32e/libg_nano.a(libc_a-findfp.o)
 .text.stdio_exit_handler
                0x0000167e       0x1a /home/fahmad/.local/xPacks/@xpack-dev-tools/riscv-none-elf-gcc/13.2.0-2.1/.content/bin/../lib/gcc/riscv-none-elf/13.2.0/../../../../riscv-none-elf/lib/rv32ec/ilp32e/libg_nano.a(libc_a-findfp.o)
 .text.cleanup_stdio
                0x00001698       0x42 /home/fahmad/.local/xPacks/@xpack-dev-tools/riscv-none-elf-gcc/13.2.0-2.1/.content/bin/../lib/gcc/riscv-none-elf/13.2.0/../../../../riscv-none-elf/lib/rv32ec/ilp32e/libg_nano.a(libc_a-findfp.o)
 .text.global_stdio_init.part.0
                0x000016da       0x36 /home/fahmad/.local/xPacks/@xpack-dev-tools/riscv-none-elf-gcc/13.2.0-2.1/.content/bin/../lib/gcc/riscv-none-elf/13.2.0/../../../../riscv-none-elf/lib/rv32ec/ilp32e/libg_nano.a(libc_a-findfp.o)
 .text.__sfp_lock_acquire
                0x00001710        0x8 /home/fahmad/.local/xPacks/@xpack-dev-tools/riscv-none-elf-gcc/13.2.0-2.1/.content/bin/../lib/gcc/riscv-none-elf/13.2.0/../../../../riscv-none-elf/lib/rv32ec/ilp32e/libg_nano.a(libc_a-findfp.o)
                0x00001710                __sfp_lock_acquire
 .text.__sfp_lock_release
                0x00001718        0x8 /home/fahmad/.local/xPacks/@xpack-dev-tools/riscv-none-elf-gcc/13.2.0-2.1/.content/bin/../lib/gcc/riscv-none-elf/13.2.0/../../../../riscv-none-elf/lib/rv32ec/ilp32e/libg_nano.a(libc_a-findfp.o)
                0x00001718                __sfp_lock_release
 .text.__sinit  0x00001720       0x2a /home/fahmad/.local/xPacks/@xpack-dev-tools/riscv-none-elf-gcc/13.2.0-2.1/.content/bin/../lib/gcc/riscv-none-elf/13.2.0/../../../../riscv-none-elf/lib/rv32ec/ilp32e/libg_nano.a(libc_a-findfp.o)
                0x00001720                __sinit
 .text._fwalk_sglue
                0x0000174a       0x56 /home/fahmad/.local/xPacks/@xpack-dev-tools/riscv-none-elf-gcc/13.2.0-2.1/.content/bin/../lib/gcc/riscv-none-elf/13.2.0/../../../../riscv-none-elf/lib/rv32ec/ilp32e/libg_nano.a(libc_a-fwalk.o)
                0x0000174a                _fwalk_sglue
 .text.__swhatbuf_r
                0x000017a0       0x60 /home/fahmad/.local/xPacks/@xpack-dev-tools/riscv-none-elf-gcc/13.2.0-2.1/.content/bin/../lib/gcc/riscv-none-elf/13.2.0/../../../../riscv-none-elf/lib/rv32ec/ilp32e/libg_nano.a(libc_a-makebuf.o)
                0x000017a0                __swhatbuf_r
 .text.__smakebuf_r
                0x00001800       0x90 /home/fahmad/.local/xPacks/@xpack-dev-tools/riscv-none-elf-gcc/13.2.0-2.1/.content/bin/../lib/gcc/riscv-none-elf/13.2.0/../../../../riscv-none-elf/lib/rv32ec/ilp32e/libg_nano.a(libc_a-makebuf.o)
                0x00001800                __smakebuf_r
 .text.__sread  0x00001890       0x30 /home/fahmad/.local/xPacks/@xpack-dev-tools/riscv-none-elf-gcc/13.2.0-2.1/.content/bin/../lib/gcc/riscv-none-elf/13.2.0/../../../../riscv-none-elf/lib/rv32ec/ilp32e/libg_nano.a(libc_a-stdio.o)
                0x00001890                __sread
 .text.__swrite
                0x000018c0       0x46 /home/fahmad/.local/xPacks/@xpack-dev-tools/riscv-none-elf-gcc/13.2.0-2.1/.content/bin/../lib/gcc/riscv-none-elf/13.2.0/../../../../riscv-none-elf/lib/rv32ec/ilp32e/libg_nano.a(libc_a-stdio.o)
                0x000018c0                __swrite
 .text.__sseek  0x00001906       0x36 /home/fahmad/.local/xPacks/@xpack-dev-tools/riscv-none-elf-gcc/13.2.0-2.1/.content/bin/../lib/gcc/riscv-none-elf/13.2.0/../../../../riscv-none-elf/lib/rv32ec/ilp32e/libg_nano.a(libc_a-stdio.o)
                0x00001906                __sseek
 .text.__sclose
                0x0000193c        0x6 /home/fahmad/.local/xPacks/@xpack-dev-tools/riscv-none-elf-gcc/13.2.0-2.1/.content/bin/../lib/gcc/riscv-none-elf/13.2.0/../../../../riscv-none-elf/lib/rv32ec/ilp32e/libg_nano.a(libc_a-stdio.o)
                0x0000193c                __sclose
 .text.memchr   0x00001942       0x1a /home/fahmad/.local/xPacks/@xpack-dev-tools/riscv-none-elf-gcc/13.2.0-2.1/.content/bin/../lib/gcc/riscv-none-elf/13.2.0/../../../../riscv-none-elf/lib/rv32ec/ilp32e/libg_nano.a(libc_a-memchr.o)
                0x00001942                memchr
 .text._close_r
                0x0000195c       0x26 /home/fahmad/.local/xPacks/@xpack-dev-tools/riscv-none-elf-gcc/13.2.0-2.1/.content/bin/../lib/gcc/riscv-none-elf/13.2.0/../../../../riscv-none-elf/lib/rv32ec/ilp32e/libg_nano.a(libc_a-closer.o)
                0x0000195c                _close_r
 .text._fstat_r
                0x00001982       0x28 /home/fahmad/.local/xPacks/@xpack-dev-tools/riscv-none-elf-gcc/13.2.0-2.1/.content/bin/../lib/gcc/riscv-none-elf/13.2.0/../../../../riscv-none-elf/lib/rv32ec/ilp32e/libg_nano.a(libc_a-fstatr.o)
                0x00001982                _fstat_r
 .text._isatty_r
                0x000019aa       0x26 /home/fahmad/.local/xPacks/@xpack-dev-tools/riscv-none-elf-gcc/13.2.0-2.1/.content/bin/../lib/gcc/riscv-none-elf/13.2.0/../../../../riscv-none-elf/lib/rv32ec/ilp32e/libg_nano.a(libc_a-isattyr.o)
                0x000019aa                _isatty_r
 .text._lseek_r
                0x000019d0       0x2a /home/fahmad/.local/xPacks/@xpack-dev-tools/riscv-none-elf-gcc/13.2.0-2.1/.content/bin/../lib/gcc/riscv-none-elf/13.2.0/../../../../riscv-none-elf/lib/rv32ec/ilp32e/libg_nano.a(libc_a-lseekr.o)
                0x000019d0                _lseek_r
 .text._read_r  0x000019fa       0x2a /home/fahmad/.local/xPacks/@xpack-dev-tools/riscv-none-elf-gcc/13.2.0-2.1/.content/bin/../lib/gcc/riscv-none-elf/13.2.0/../../../../riscv-none-elf/lib/rv32ec/ilp32e/libg_nano.a(libc_a-readr.o)
                0x000019fa                _read_r
 .text._sbrk_r  0x00001a24       0x28 /home/fahmad/.local/xPacks/@xpack-dev-tools/riscv-none-elf-gcc/13.2.0-2.1/.content/bin/../lib/gcc/riscv-none-elf/13.2.0/../../../../riscv-none-elf/lib/rv32ec/ilp32e/libg_nano.a(libc_a-sbrkr.o)
                0x00001a24                _sbrk_r
 .text._write_r
                0x00001a4c       0x2c /home/fahmad/.local/xPacks/@xpack-dev-tools/riscv-none-elf-gcc/13.2.0-2.1/.content/bin/../lib/gcc/riscv-none-elf/13.2.0/../../../../riscv-none-elf/lib/rv32ec/ilp32e/libg_nano.a(libc_a-writer.o)
                0x00001a4c                _write_r
 .text._close   0x00001a78        0xc /home/fahmad/.local/xPacks/@xpack-dev-tools/riscv-none-elf-gcc/13.2.0-2.1/.content/bin/../lib/gcc/riscv-none-elf/13.2.0/../../../../riscv-none-elf/lib/rv32ec/ilp32e/libnosys.a(close.o)
                0x00001a78                _close
 .text._fstat   0x00001a84        0xc /home/fahmad/.local/xPacks/@xpack-dev-tools/riscv-none-elf-gcc/13.2.0-2.1/.content/bin/../lib/gcc/riscv-none-elf/13.2.0/../../../../riscv-none-elf/lib/rv32ec/ilp32e/libnosys.a(fstat.o)
                0x00001a84                _fstat
 .text._isatty  0x00001a90        0xc /home/fahmad/.local/xPacks/@xpack-dev-tools/riscv-none-elf-gcc/13.2.0-2.1/.content/bin/../lib/gcc/riscv-none-elf/13.2.0/../../../../riscv-none-elf/lib/rv32ec/ilp32e/libnosys.a(isatty.o)
                0x00001a90                _isatty
 .text._lseek   0x00001a9c        0xc /home/fahmad/.local/xPacks/@xpack-dev-tools/riscv-none-elf-gcc/13.2.0-2.1/.content/bin/../lib/gcc/riscv-none-elf/13.2.0/../../../../riscv-none-elf/lib/rv32ec/ilp32e/libnosys.a(lseek.o)
                0x00001a9c                _lseek
 .text._read    0x00001aa8        0xc /home/fahmad/.local/xPacks/@xpack-dev-tools/riscv-none-elf-gcc/13.2.0-2.1/.content/bin/../lib/gcc/riscv-none-elf/13.2.0/../../../../riscv-none-elf/lib/rv32ec/ilp32e/libnosys.a(read.o)
                0x00001aa8                _read
 *(.rodata)
 *(.rodata*)
 *fill*         0x00001ab4        0x0 
 .rodata.main.str1.4
                0x00001ab4       0x6d ./build/./app/main.c.o
                                 0x32 (size before relaxing)
 *fill*         0x00001b21        0x3 
 .rodata.ADCPrescTable
                0x00001b24       0x14 ./build/./vendor/Peripheral/src/ch32v00x_rcc.c.o
 .rodata.APBAHBPrescTable
                0x00001b38       0x10 ./build/./vendor/Peripheral/src/ch32v00x_rcc.c.o
 .rodata.AHBPrescTable
                0x00001b48       0x10 ./build/./vendor/User/system_ch32v00x.c.o
                0x00001b48                AHBPrescTable
 .rodata._vfprintf_r.str1.4
                0x00001b58       0x13 /home/fahmad/.local/xPacks/@xpack-dev-tools/riscv-none-elf-gcc/13.2.0-2.1/.content/bin/../lib/gcc/riscv-none-elf/13.2.0/../../../../riscv-none-elf/lib/rv32ec/ilp32e/libg_nano.a(libc_a-nano-vfprintf.o)
 .rodata._printf_i.str1.4
                0x00001b58       0x25 /home/fahmad/.local/xPacks/@xpack-dev-tools/riscv-none-elf-gcc/13.2.0-2.1/.content/bin/../lib/gcc/riscv-none-elf/13.2.0/../../../../riscv-none-elf/lib/rv32ec/ilp32e/libg_nano.a(libc_a-nano-vfprintf_i.o)
 .rodata._printf_i
                0x00001b58       0x58 /home/fahmad/.local/xPacks/@xpack-dev-tools/riscv-none-elf-gcc/13.2.0-2.1/.content/bin/../lib/gcc/riscv-none-elf/13.2.0/../../../../riscv-none-elf/lib/rv32ec/ilp32e/libg_nano.a(libc_a-nano-vfprintf_i.o)
 *(.gnu.linkonce.t.*)
                0x00001bb0                        . = ALIGN (0x4)

.rela.dyn       0x00001bb0        0x0
 .rela.text._sbrk
                0x00001bb0        0x0 ./build/./app/main.c.o
 .rela.sdata.curbrk.0
                0x00001bb0        0x0 ./build/./app/main.c.o
 .rela.init     0x00001bb0        0x0 ./build/./app/main.c.o
 .rela.text.handle_reset
                0x00001bb0        0x0 ./build/./app/main.c.o
 .rela.text.__libc_init_array
                0x00001bb0        0x0 ./build/./app/main.c.o
 .rela.text.__libc_fini_array
                0x00001bb0        0x0 ./build/./app/main.c.o
 .rela.text.__register_exitproc
                0x00001bb0        0x0 ./build/./app/main.c.o
 .rela.text._vfprintf_r
                0x00001bb0        0x0 ./build/./app/main.c.o

.fini           0x00001bb0        0x0
 *(SORT_NONE(.fini))
                0x00001bb0                        . = ALIGN (0x4)
                [!provide]                        PROVIDE (_etext = .)
                [!provide]                        PROVIDE (_eitcm = .)

.preinit_array  0x00001bb0        0x0
                0x00001bb0                        PROVIDE (__preinit_array_start = .)
 *(.preinit_array)
                0x00001bb0                        PROVIDE (__preinit_array_end = .)

.init_array     0x00001bb0        0x0
                0x00001bb0                        PROVIDE (__init_array_start = .)
 *(SORT_BY_INIT_PRIORITY(.init_array.*) SORT_BY_INIT_PRIORITY(.ctors.*))
 *(.init_array EXCLUDE_FILE(*crtend?.o *crtend.o *crtbegin?.o *crtbegin.o) .ctors)
                0x00001bb0                        PROVIDE (__init_array_end = .)

.fini_array     0x00001bb0        0x0
                0x00001bb0                        PROVIDE (__fini_array_start = .)
 *(SORT_BY_INIT_PRIORITY(.fini_array.*) SORT_BY_INIT_PRIORITY(.dtors.*))
 *(.fini_array EXCLUDE_FILE(*crtend?.o *crtend.o *crtbegin?.o *crtbegin.o) .dtors)
                0x00001bb0                        PROVIDE (__fini_array_end = .)

.ctors
 *crtbegin.o(.ctors)
 *crtbegin?.o(.ctors)
 *(EXCLUDE_FILE(*crtend?.o *crtend.o) .ctors)
 *(SORT_BY_NAME(.ctors.*))
 *(.ctors)

.dtors
 *crtbegin.o(.dtors)
 *crtbegin?.o(.dtors)
 *(EXCLUDE_FILE(*crtend?.o *crtend.o) .dtors)
 *(SORT_BY_NAME(.dtors.*))
 *(.dtors)

.dalign         0x20000000        0x0 load address 0x00001bb0
                0x20000000                        . = ALIGN (0x4)
                0x20000000                        PROVIDE (_data_vma = .)

.dlalign        0x00001bb0        0x0
                0x00001bb0                        . = ALIGN (0x4)
                0x00001bb0                        PROVIDE (_data_lma = .)

.data           0x20000000       0x68 load address 0x00001bb0
                0x20000000                        . = ALIGN (0x4)
 *(.gnu.linkonce.r.*)
 *(.data .data.*)
 .data._impure_data
                0x20000000       0x4c /home/fahmad/.local/xPacks/@xpack-dev-tools/riscv-none-elf-gcc/13.2.0-2.1/.content/bin/../lib/gcc/riscv-none-elf/13.2.0/../../../../riscv-none-elf/lib/rv32ec/ilp32e/libg_nano.a(libc_a-impure.o)
                0x20000000                _impure_data
 .data.__sglue  0x2000004c        0xc /home/fahmad/.local/xPacks/@xpack-dev-tools/riscv-none-elf-gcc/13.2.0-2.1/.content/bin/../lib/gcc/riscv-none-elf/13.2.0/../../../../riscv-none-elf/lib/rv32ec/ilp32e/libg_nano.a(libc_a-findfp.o)
                0x2000004c                __sglue
 *(.gnu.linkonce.d.*)
                0x20000058                        . = ALIGN (0x8)
                0x20000858                        PROVIDE (__global_pointer$ = (. + 0x800))
 *(.sdata .sdata.*)
 .sdata.curbrk.0
                0x20000058        0x4 ./build/./vendor/Debug/debug.c.o
 .sdata.SystemCoreClock
                0x2000005c        0x4 ./build/./vendor/User/system_ch32v00x.c.o
                0x2000005c                SystemCoreClock
 .sdata._impure_ptr
                0x20000060        0x4 /home/fahmad/.local/xPacks/@xpack-dev-tools/riscv-none-elf-gcc/13.2.0-2.1/.content/bin/../lib/gcc/riscv-none-elf/13.2.0/../../../../riscv-none-elf/lib/rv32ec/ilp32e/libg_nano.a(libc_a-impure.o)
                0x20000060                _impure_ptr
 .sdata.__atexit_recursive_mutex
                0x20000064        0x4 /home/fahmad/.local/xPacks/@xpack-dev-tools/riscv-none-elf-gcc/13.2.0-2.1/.content/bin/../lib/gcc/riscv-none-elf/13.2.0/../../../../riscv-none-elf/lib/rv32ec/ilp32e/libg_nano.a(libc_a-__call_atexit.o)
                0x20000064                __atexit_recursive_mutex
 *(.sdata2*)
 *(.gnu.linkonce.s.*)
                0x20000068                        . = ALIGN (0x8)
 *(.srodata.cst16)
 *(.srodata.cst8)
 *(.srodata.cst4)
 *(.srodata.cst2)
 *(.srodata .srodata.*)
                0x20000068                        . = ALIGN (0x4)
                0x20000068                        PROVIDE (_edata = .)

.bss            0x20000068      0x1ec load address 0x00001c18
                0x20000068                        . = ALIGN (0x4)
                0x20000068                        PROVIDE (_sbss = .)
 *(.sbss*)
 .sbss.p_ms     0x20000068        0x2 ./build/./vendor/Debug/debug.c.o
 .sbss.p_us     0x2000006a        0x1 ./build/./vendor/Debug/debug.c.o
 *fill*         0x2000006b        0x1 
 .sbss.NVIC_Priority_Group
                0x2000006c        0x4 ./build/./vendor/Peripheral/src/ch32v00x_misc.c.o
                0x2000006c                NVIC_Priority_Group
 .sbss.__lock___malloc_recursive_mutex
                0x20000070        0x1 /home/fahmad/.local/xPacks/@xpack-dev-tools/riscv-none-elf-gcc/13.2.0-2.1/.content/bin/../lib/gcc/riscv-none-elf/13.2.0/../../../../riscv-none-elf/lib/rv32ec/ilp32e/libg_nano.a(libc_a-lock.o)
                0x20000070                __lock___malloc_recursive_mutex
 *fill*         0x20000071        0x3 
 .sbss.__lock___atexit_recursive_mutex
                0x20000074        0x1 /home/fahmad/.local/xPacks/@xpack-dev-tools/riscv-none-elf-gcc/13.2.0-2.1/.content/bin/../lib/gcc/riscv-none-elf/13.2.0/../../../../riscv-none-elf/lib/rv32ec/ilp32e/libg_nano.a(libc_a-lock.o)
                0x20000074                __lock___atexit_recursive_mutex
 *fill*         0x20000075        0x3 
 .sbss.__lock___sfp_recursive_mutex
                0x20000078        0x1 /home/fahmad/.local/xPacks/@xpack-dev-tools/riscv-none-elf-gcc/13.2.0-2.1/.content/bin/../lib/gcc/riscv-none-elf/13.2.0/../../../../riscv-none-elf/lib/rv32ec/ilp32e/libg_nano.a(libc_a-lock.o)
                0x20000078                __lock___sfp_recursive_mutex
 *fill*         0x20000079        0x3 
 .sbss.__atexit
                0x2000007c        0x4 /home/fahmad/.local/xPacks/@xpack-dev-tools/riscv-none-elf-gcc/13.2.0-2.1/.content/bin/../lib/gcc/riscv-none-elf/13.2.0/../../../../riscv-none-elf/lib/rv32ec/ilp32e/libg_nano.a(libc_a-__call_atexit.o)
                0x2000007c                __atexit
 .sbss.__malloc_sbrk_start
                0x20000080        0x4 /home/fahmad/.local/xPacks/@xpack-dev-tools/riscv-none-elf-gcc/13.2.0-2.1/.content/bin/../lib/gcc/riscv-none-elf/13.2.0/../../../../riscv-none-elf/lib/rv32ec/ilp32e/libg_nano.a(libc_a-mallocr.o)
                0x20000080                __malloc_sbrk_start
 .sbss.__malloc_free_list
                0x20000084        0x4 /home/fahmad/.local/xPacks/@xpack-dev-tools/riscv-none-elf-gcc/13.2.0-2.1/.content/bin/../lib/gcc/riscv-none-elf/13.2.0/../../../../riscv-none-elf/lib/rv32ec/ilp32e/libg_nano.a(libc_a-mallocr.o)
                0x20000084                __malloc_free_list
 .sbss.__stdio_exit_handler
                0x20000088        0x4 /home/fahmad/.local/xPacks/@xpack-dev-tools/riscv-none-elf-gcc/13.2.0-2.1/.content/bin/../lib/gcc/riscv-none-elf/13.2.0/../../../../riscv-none-elf/lib/rv32ec/ilp32e/libg_nano.a(libc_a-findfp.o)
                0x20000088                __stdio_exit_handler
 .sbss.errno    0x2000008c        0x4 /home/fahmad/.local/xPacks/@xpack-dev-tools/riscv-none-elf-gcc/13.2.0-2.1/.content/bin/../lib/gcc/riscv-none-elf/13.2.0/../../../../riscv-none-elf/lib/rv32ec/ilp32e/libg_nano.a(libc_a-reent.o)
                0x2000008c                errno
 *(.gnu.linkonce.sb.*)
 *(.bss*)
 .bss.__atexit0
                0x20000090       0x8c /home/fahmad/.local/xPacks/@xpack-dev-tools/riscv-none-elf-gcc/13.2.0-2.1/.content/bin/../lib/gcc/riscv-none-elf/13.2.0/../../../../riscv-none-elf/lib/rv32ec/ilp32e/libg_nano.a(libc_a-__atexit.o)
                0x20000090                __atexit0
 .bss.__sf      0x2000011c      0x138 /home/fahmad/.local/xPacks/@xpack-dev-tools/riscv-none-elf-gcc/13.2.0-2.1/.content/bin/../lib/gcc/riscv-none-elf/13.2.0/../../../../riscv-none-elf/lib/rv32ec/ilp32e/libg_nano.a(libc_a-findfp.o)
                0x2000011c                __sf
 *(.gnu.linkonce.b.*)
 *(COMMON*)
                0x20000254                        . = ALIGN (0x4)
                0x20000254                        PROVIDE (_ebss = .)
                0x20000254                        PROVIDE (_end = _ebss)
                [!provide]                        PROVIDE (end = .)

.stack          0x20000700      0x100
                0x20000700                        PROVIDE (_heap_end = .)
                0x20000700                        . = ALIGN (0x4)
                [!provide]                        PROVIDE (_susrstack = .)
                0x20000800                        . = (. + __stack_size)
 *fill*         0x20000700      0x100 
                0x20000800                        PROVIDE (_eusrstack = .)
OUTPUT(build/app.elf elf32-littleriscv)

.debug_info     0x00000000     0x2cb4
 .debug_info    0x00000000      0x4b6 ./build/./app/main.c.o
 .debug_info    0x000004b6      0x6d8 ./build/./vendor/Debug/debug.c.o
 .debug_info    0x00000b8e      0x68c ./build/./vendor/Peripheral/src/ch32v00x_gpio.c.o
 .debug_info    0x0000121a      0x505 ./build/./vendor/Peripheral/src/ch32v00x_misc.c.o
 .debug_info    0x0000171f      0x761 ./build/./vendor/Peripheral/src/ch32v00x_rcc.c.o
 .debug_info    0x00001e80      0xa39 ./build/./vendor/Peripheral/src/ch32v00x_usart.c.o
 .debug_info    0x000028b9       0x23 ./build/./vendor/Startup/startup_ch32v00x.S.o
 .debug_info    0x000028dc       0x94 ./build/./vendor/User/ch32v00x_it.c.o
 .debug_info    0x00002970      0x344 ./build/./vendor/User/system_ch32v00x.c.o

.debug_abbrev   0x00000000      0xdd2
 .debug_abbrev  0x00000000      0x1ae ./build/./app/main.c.o
 .debug_abbrev  0x000001ae      0x23b ./build/./vendor/Debug/debug.c.o
 .debug_abbrev  0x000003e9      0x1ee ./build/./vendor/Peripheral/src/ch32v00x_gpio.c.o
 .debug_abbrev  0x000005d7      0x1db ./build/./vendor/Peripheral/src/ch32v00x_misc.c.o
 .debug_abbrev  0x000007b2      0x231 ./build/./vendor/Peripheral/src/ch32v00x_rcc.c.o
 .debug_abbrev  0x000009e3      0x202 ./build/./vendor/Peripheral/src/ch32v00x_usart.c.o
 .debug_abbrev  0x00000be5       0x12 ./build/./vendor/Startup/startup_ch32v00x.S.o
 .debug_abbrev  0x00000bf7       0x45 ./build/./vendor/User/ch32v00x_it.c.o
 .debug_abbrev  0x00000c3c      0x196 ./build/./vendor/User/system_ch32v00x.c.o

.debug_loclists
                0x00000000      0xf61
 .debug_loclists
                0x00000000       0x20 ./build/./app/main.c.o
 .debug_loclists
                0x00000020      0x105 ./build/./vendor/Debug/debug.c.o
 .debug_loclists
                0x00000125      0x50d ./build/./vendor/Peripheral/src/ch32v00x_gpio.c.o
 .debug_loclists
                0x00000632       0xb3 ./build/./vendor/Peripheral/src/ch32v00x_misc.c.o
 .debug_loclists
                0x000006e5      0x315 ./build/./vendor/Peripheral/src/ch32v00x_rcc.c.o
 .debug_loclists
                0x000009fa      0x520 ./build/./vendor/Peripheral/src/ch32v00x_usart.c.o
 .debug_loclists
                0x00000f1a       0x47 ./build/./vendor/User/system_ch32v00x.c.o

.debug_aranges  0x00000000      0x398
 .debug_aranges
                0x00000000       0x28 ./build/./app/main.c.o
 .debug_aranges
                0x00000028       0x58 ./build/./vendor/Debug/debug.c.o
 .debug_aranges
                0x00000080       0x90 ./build/./vendor/Peripheral/src/ch32v00x_gpio.c.o
 .debug_aranges
                0x00000110       0x28 ./build/./vendor/Peripheral/src/ch32v00x_misc.c.o
 .debug_aranges
                0x00000138       0xe0 ./build/./vendor/Peripheral/src/ch32v00x_rcc.c.o
 .debug_aranges
                0x00000218      0x100 ./build/./vendor/Peripheral/src/ch32v00x_usart.c.o
 .debug_aranges
                0x00000318       0x30 ./build/./vendor/Startup/startup_ch32v00x.S.o
 .debug_aranges
                0x00000348       0x28 ./build/./vendor/User/ch32v00x_it.c.o
 .debug_aranges
                0x00000370       0x28 ./build/./vendor/User/system_ch32v00x.c.o

.debug_rnglists
                0x00000000      0x2c4
 .debug_rnglists
                0x00000000       0x1a ./build/./app/main.c.o
 .debug_rnglists
                0x0000001a       0x3d ./build/./vendor/Debug/debug.c.o
 .debug_rnglists
                0x00000057       0x69 ./build/./vendor/Peripheral/src/ch32v00x_gpio.c.o
 .debug_rnglists
                0x000000c0       0x3e ./build/./vendor/Peripheral/src/ch32v00x_misc.c.o
 .debug_rnglists
                0x000000fe       0xa4 ./build/./vendor/Peripheral/src/ch32v00x_rcc.c.o
 .debug_rnglists
                0x000001a2       0xbc ./build/./vendor/Peripheral/src/ch32v00x_usart.c.o
 .debug_rnglists
                0x0000025e       0x21 ./build/./vendor/Startup/startup_ch32v00x.S.o
 .debug_rnglists
                0x0000027f       0x19 ./build/./vendor/User/ch32v00x_it.c.o
 .debug_rnglists
                0x00000298       0x2c ./build/./vendor/User/system_ch32v00x.c.o

.debug_line     0x00000000     0x34ce
 .debug_line    0x00000000      0x219 ./build/./app/main.c.o
 .debug_line    0x00000219      0x58d ./build/./vendor/Debug/debug.c.o
 .debug_line    0x000007a6      0x9fe ./build/./vendor/Peripheral/src/ch32v00x_gpio.c.o
 .debug_line    0x000011a4      0x2cc ./build/./vendor/Peripheral/src/ch32v00x_misc.c.o
 .debug_line    0x00001470      0xbc3 ./build/./vendor/Peripheral/src/ch32v00x_rcc.c.o
 .debug_line    0x00002033      0xd74 ./build/./vendor/Peripheral/src/ch32v00x_usart.c.o
 .debug_line    0x00002da7      0x1bc ./build/./vendor/Startup/startup_ch32v00x.S.o
 .debug_line    0x00002f63       0x7a ./build/./vendor/User/ch32v00x_it.c.o
 .debug_line    0x00002fdd      0x4f1 ./build/./vendor/User/system_ch32v00x.c.o

.debug_str      0x00000000     0x10ef
 .debug_str     0x00000000     0x10ef ./build/./app/main.c.o
                                0x440 (size before relaxing)
 .debug_str     0x000010ef      0x508 ./build/./vendor/Debug/debug.c.o
 .debug_str     0x000010ef      0x4c5 ./build/./vendor/Peripheral/src/ch32v00x_gpio.c.o
 .debug_str     0x000010ef      0x4cd ./build/./vendor/Peripheral/src/ch32v00x_misc.c.o
 .debug_str     0x000010ef      0x577 ./build/./vendor/Peripheral/src/ch32v00x_rcc.c.o
 .debug_str     0x000010ef      0x6ce ./build/./vendor/Peripheral/src/ch32v00x_usart.c.o
 .debug_str     0x000010ef       0x69 ./build/./vendor/Startup/startup_ch32v00x.S.o
 .debug_str     0x000010ef      0x169 ./build/./vendor/User/ch32v00x_it.c.o
 .debug_str     0x000010ef      0x2df ./build/./vendor/User/system_ch32v00x.c.o

.debug_line_str
                0x00000000      0x40b
 .debug_line_str
                0x00000000      0x40b ./build/./app/main.c.o
                                0x2af (size before relaxing)
 .debug_line_str
                0x0000040b      0x2b3 ./build/./vendor/Debug/debug.c.o
 .debug_line_str
                0x0000040b      0x22a ./build/./vendor/Peripheral/src/ch32v00x_gpio.c.o
 .debug_line_str
                0x0000040b      0x21b ./build/./vendor/Peripheral/src/ch32v00x_misc.c.o
 .debug_line_str
                0x0000040b      0x217 ./build/./vendor/Peripheral/src/ch32v00x_rcc.c.o
 .debug_line_str
                0x0000040b      0x22e ./build/./vendor/Peripheral/src/ch32v00x_usart.c.o
 .debug_line_str
                0x0000040b       0x5d ./build/./vendor/Startup/startup_ch32v00x.S.o
 .debug_line_str
                0x0000040b       0xb8 ./build/./vendor/User/ch32v00x_it.c.o
 .debug_line_str
                0x0000040b      0x21d ./build/./vendor/User/system_ch32v00x.c.o

.comment        0x00000000       0x33
 .comment       0x00000000       0x33 ./build/./app/main.c.o
                                 0x34 (size before relaxing)
 .comment       0x00000033       0x34 ./build/./vendor/Debug/debug.c.o
 .comment       0x00000033       0x34 ./build/./vendor/Peripheral/src/ch32v00x_gpio.c.o
 .comment       0x00000033       0x34 ./build/./vendor/Peripheral/src/ch32v00x_misc.c.o
 .comment       0x00000033       0x34 ./build/./vendor/Peripheral/src/ch32v00x_rcc.c.o
 .comment       0x00000033       0x34 ./build/./vendor/Peripheral/src/ch32v00x_usart.c.o
 .comment       0x00000033       0x34 ./build/./vendor/User/ch32v00x_it.c.o
 .comment       0x00000033       0x34 ./build/./vendor/User/system_ch32v00x.c.o
 .comment       0x00000033       0x34 /home/fahmad/.local/xPacks/@xpack-dev-tools/riscv-none-elf-gcc/13.2.0-2.1/.content/bin/../lib/gcc/riscv-none-elf/13.2.0/../../../../riscv-none-elf/lib/rv32ec/ilp32e/libg_nano.a(libc_a-atexit.o)
 .comment       0x00000033       0x34 /home/fahmad/.local/xPacks/@xpack-dev-tools/riscv-none-elf-gcc/13.2.0-2.1/.content/bin/../lib/gcc/riscv-none-elf/13.2.0/../../../../riscv-none-elf/lib/rv32ec/ilp32e/libg_nano.a(libc_a-printf.o)
 .comment       0x00000033       0x34 /home/fahmad/.local/xPacks/@xpack-dev-tools/riscv-none-elf-gcc/13.2.0-2.1/.content/bin/../lib/gcc/riscv-none-elf/13.2.0/../../../../riscv-none-elf/lib/rv32ec/ilp32e/libg_nano.a(libc_a-puts.o)
 .comment       0x00000033       0x34 /home/fahmad/.local/xPacks/@xpack-dev-tools/riscv-none-elf-gcc/13.2.0-2.1/.content/bin/../lib/gcc/riscv-none-elf/13.2.0/../../../../riscv-none-elf/lib/rv32ec/ilp32e/libg_nano.a(libc_a-wbuf.o)
 .comment       0x00000033       0x34 /home/fahmad/.local/xPacks/@xpack-dev-tools/riscv-none-elf-gcc/13.2.0-2.1/.content/bin/../lib/gcc/riscv-none-elf/13.2.0/../../../../riscv-none-elf/lib/rv32ec/ilp32e/libg_nano.a(libc_a-wsetup.o)
 .comment       0x00000033       0x34 /home/fahmad/.local/xPacks/@xpack-dev-tools/riscv-none-elf-gcc/13.2.0-2.1/.content/bin/../lib/gcc/riscv-none-elf/13.2.0/../../../../riscv-none-elf/lib/rv32ec/ilp32e/libg_nano.a(libc_a-impure.o)
 .comment       0x00000033       0x34 /home/fahmad/.local/xPacks/@xpack-dev-tools/riscv-none-elf-gcc/13.2.0-2.1/.content/bin/../lib/gcc/riscv-none-elf/13.2.0/../../../../riscv-none-elf/lib/rv32ec/ilp32e/libg_nano.a(libc_a-init.o)
 .comment       0x00000033       0x34 /home/fahmad/.local/xPacks/@xpack-dev-tools/riscv-none-elf-gcc/13.2.0-2.1/.content/bin/../lib/gcc/riscv-none-elf/13.2.0/../../../../riscv-none-elf/lib/rv32ec/ilp32e/libg_nano.a(libc_a-fini.o)
 .comment       0x00000033       0x34 /home/fahmad/.local/xPacks/@xpack-dev-tools/riscv-none-elf-gcc/13.2.0-2.1/.content/bin/../lib/gcc/riscv-none-elf/13.2.0/../../../../riscv-none-elf/lib/rv32ec/ilp32e/libg_nano.a(libc_a-lock.o)
 .comment       0x00000033       0x34 /home/fahmad/.local/xPacks/@xpack-dev-tools/riscv-none-elf-gcc/13.2.0-2.1/.content/bin/../lib/gcc/riscv-none-elf/13.2.0/../../../../riscv-none-elf/lib/rv32ec/ilp32e/libg_nano.a(libc_a-__atexit.o)
 .comment       0x00000033       0x34 /home/fahmad/.local/xPacks/@xpack-dev-tools/riscv-none-elf-gcc/13.2.0-2.1/.content/bin/../lib/gcc/riscv-none-elf/13.2.0/../../../../riscv-none-elf/lib/rv32ec/ilp32e/libg_nano.a(libc_a-__call_atexit.o)
 .comment       0x00000033       0x34 /home/fahmad/.local/xPacks/@xpack-dev-tools/riscv-none-elf-gcc/13.2.0-2.1/.content/bin/../lib/gcc/riscv-none-elf/13.2.0/../../../../riscv-none-elf/lib/rv32ec/ilp32e/libg_nano.a(libc_a-freer.o)
 .comment       0x00000033       0x34 /home/fahmad/.local/xPacks/@xpack-dev-tools/riscv-none-elf-gcc/13.2.0-2.1/.content/bin/../lib/gcc/riscv-none-elf/13.2.0/../../../../riscv-none-elf/lib/rv32ec/ilp32e/libg_nano.a(libc_a-mallocr.o)
 .comment       0x00000033       0x34 /home/fahmad/.local/xPacks/@xpack-dev-tools/riscv-none-elf-gcc/13.2.0-2.1/.content/bin/../lib/gcc/riscv-none-elf/13.2.0/../../../../riscv-none-elf/lib/rv32ec/ilp32e/libg_nano.a(libc_a-mlock.o)
 .comment       0x00000033       0x34 /home/fahmad/.local/xPacks/@xpack-dev-tools/riscv-none-elf-gcc/13.2.0-2.1/.content/bin/../lib/gcc/riscv-none-elf/13.2.0/../../../../riscv-none-elf/lib/rv32ec/ilp32e/libg_nano.a(libc_a-nano-vfprintf.o)
 .comment       0x00000033       0x34 /home/fahmad/.local/xPacks/@xpack-dev-tools/riscv-none-elf-gcc/13.2.0-2.1/.content/bin/../lib/gcc/riscv-none-elf/13.2.0/../../../../riscv-none-elf/lib/rv32ec/ilp32e/libg_nano.a(libc_a-nano-vfprintf_i.o)
 .comment       0x00000033       0x34 /home/fahmad/.local/xPacks/@xpack-dev-tools/riscv-none-elf-gcc/13.2.0-2.1/.content/bin/../lib/gcc/riscv-none-elf/13.2.0/../../../../riscv-none-elf/lib/rv32ec/ilp32e/libg_nano.a(libc_a-fflush.o)
 .comment       0x00000033       0x34 /home/fahmad/.local/xPacks/@xpack-dev-tools/riscv-none-elf-gcc/13.2.0-2.1/.content/bin/../lib/gcc/riscv-none-elf/13.2.0/../../../../riscv-none-elf/lib/rv32ec/ilp32e/libg_nano.a(libc_a-findfp.o)
 .comment       0x00000033       0x34 /home/fahmad/.local/xPacks/@xpack-dev-tools/riscv-none-elf-gcc/13.2.0-2.1/.content/bin/../lib/gcc/riscv-none-elf/13.2.0/../../../../riscv-none-elf/lib/rv32ec/ilp32e/libg_nano.a(libc_a-fwalk.o)
 .comment       0x00000033       0x34 /home/fahmad/.local/xPacks/@xpack-dev-tools/riscv-none-elf-gcc/13.2.0-2.1/.content/bin/../lib/gcc/riscv-none-elf/13.2.0/../../../../riscv-none-elf/lib/rv32ec/ilp32e/libg_nano.a(libc_a-makebuf.o)
 .comment       0x00000033       0x34 /home/fahmad/.local/xPacks/@xpack-dev-tools/riscv-none-elf-gcc/13.2.0-2.1/.content/bin/../lib/gcc/riscv-none-elf/13.2.0/../../../../riscv-none-elf/lib/rv32ec/ilp32e/libg_nano.a(libc_a-stdio.o)
 .comment       0x00000033       0x34 /home/fahmad/.local/xPacks/@xpack-dev-tools/riscv-none-elf-gcc/13.2.0-2.1/.content/bin/../lib/gcc/riscv-none-elf/13.2.0/../../../../riscv-none-elf/lib/rv32ec/ilp32e/libg_nano.a(libc_a-memchr.o)
 .comment       0x00000033       0x34 /home/fahmad/.local/xPacks/@xpack-dev-tools/riscv-none-elf-gcc/13.2.0-2.1/.content/bin/../lib/gcc/riscv-none-elf/13.2.0/../../../../riscv-none-elf/lib/rv32ec/ilp32e/libg_nano.a(libc_a-closer.o)
 .comment       0x00000033       0x34 /home/fahmad/.local/xPacks/@xpack-dev-tools/riscv-none-elf-gcc/13.2.0-2.1/.content/bin/../lib/gcc/riscv-none-elf/13.2.0/../../../../riscv-none-elf/lib/rv32ec/ilp32e/libg_nano.a(libc_a-reent.o)
 .comment       0x00000033       0x34 /home/fahmad/.local/xPacks/@xpack-dev-tools/riscv-none-elf-gcc/13.2.0-2.1/.content/bin/../lib/gcc/riscv-none-elf/13.2.0/../../../../riscv-none-elf/lib/rv32ec/ilp32e/libg_nano.a(libc_a-fstatr.o)
 .comment       0x00000033       0x34 /home/fahmad/.local/xPacks/@xpack-dev-tools/riscv-none-elf-gcc/13.2.0-2.1/.content/bin/../lib/gcc/riscv-none-elf/13.2.0/../../../../riscv-none-elf/lib/rv32ec/ilp32e/libg_nano.a(libc_a-isattyr.o)
 .comment       0x00000033       0x34 /home/fahmad/.local/xPacks/@xpack-dev-tools/riscv-none-elf-gcc/13.2.0-2.1/.content/bin/../lib/gcc/riscv-none-elf/13.2.0/../../../../riscv-none-elf/lib/rv32ec/ilp32e/libg_nano.a(libc_a-lseekr.o)
 .comment       0x00000033       0x34 /home/fahmad/.local/xPacks/@xpack-dev-tools/riscv-none-elf-gcc/13.2.0-2.1/.content/bin/../lib/gcc/riscv-none-elf/13.2.0/../../../../riscv-none-elf/lib/rv32ec/ilp32e/libg_nano.a(libc_a-readr.o)
 .comment       0x00000033       0x34 /home/fahmad/.local/xPacks/@xpack-dev-tools/riscv-none-elf-gcc/13.2.0-2.1/.content/bin/../lib/gcc/riscv-none-elf/13.2.0/../../../../riscv-none-elf/lib/rv32ec/ilp32e/libg_nano.a(libc_a-sbrkr.o)
 .comment       0x00000033       0x34 /home/fahmad/.local/xPacks/@xpack-dev-tools/riscv-none-elf-gcc/13.2.0-2.1/.content/bin/../lib/gcc/riscv-none-elf/13.2.0/../../../../riscv-none-elf/lib/rv32ec/ilp32e/libg_nano.a(libc_a-writer.o)
 .comment       0x00000033       0x34 /home/fahmad/.local/xPacks/@xpack-dev-tools/riscv-none-elf-gcc/13.2.0-2.1/.content/bin/../lib/gcc/riscv-none-elf/13.2.0/../../../../riscv-none-elf/lib/rv32ec/ilp32e/libnosys.a(close.o)
 .comment       0x00000033       0x34 /home/fahmad/.local/xPacks/@xpack-dev-tools/riscv-none-elf-gcc/13.2.0-2.1/.content/bin/../lib/gcc/riscv-none-elf/13.2.0/../../../../riscv-none-elf/lib/rv32ec/ilp32e/libnosys.a(fstat.o)
 .comment       0x00000033       0x34 /home/fahmad/.local/xPacks/@xpack-dev-tools/riscv-none-elf-gcc/13.2.0-2.1/.content/bin/../lib/gcc/riscv-none-elf/13.2.0/../../../../riscv-none-elf/lib/rv32ec/ilp32e/libnosys.a(isatty.o)
 .comment       0x00000033       0x34 /home/fahmad/.local/xPacks/@xpack-dev-tools/riscv-none-elf-gcc/13.2.0-2.1/.content/bin/../lib/gcc/riscv-none-elf/13.2.0/../../../../riscv-none-elf/lib/rv32ec/ilp32e/libnosys.a(lseek.o)
 .comment       0x00000033       0x34 /home/fahmad/.local/xPacks/@xpack-dev-tools/riscv-none-elf-gcc/13.2.0-2.1/.content/bin/../lib/gcc/riscv-none-elf/13.2.0/../../../../riscv-none-elf/lib/rv32ec/ilp32e/libnosys.a(read.o)

.riscv.attributes
                0x00000000       0x2e
 .riscv.attributes
                0x00000000       0x2a ./build/./app/main.c.o
 .riscv.attributes
                0x0000002a       0x2a ./build/./vendor/Debug/debug.c.o
 .riscv.attributes
                0x00000054       0x2a ./build/./vendor/Peripheral/src/ch32v00x_gpio.c.o
 .riscv.attributes
                0x0000007e       0x2a ./build/./vendor/Peripheral/src/ch32v00x_misc.c.o
 .riscv.attributes
                0x000000a8       0x2a ./build/./vendor/Peripheral/src/ch32v00x_rcc.c.o
 .riscv.attributes
                0x000000d2       0x2a ./build/./vendor/Peripheral/src/ch32v00x_usart.c.o
 .riscv.attributes
                0x000000fc       0x2c ./build/./vendor/Startup/startup_ch32v00x.S.o
 .riscv.attributes
                0x00000128       0x2a ./build/./vendor/User/ch32v00x_it.c.o
 .riscv.attributes
                0x00000152       0x2a ./build/./vendor/User/system_ch32v00x.c.o
 .riscv.attributes
                0x0000017c       0x1f /home/fahmad/.local/xPacks/@xpack-dev-tools/riscv-none-elf-gcc/13.2.0-2.1/.content/bin/../lib/gcc/riscv-none-elf/13.2.0/rv32ec/ilp32e/libgcc.a(muldi3.o)
 .riscv.attributes
                0x0000019b       0x1f /home/fahmad/.local/xPacks/@xpack-dev-tools/riscv-none-elf-gcc/13.2.0-2.1/.content/bin/../lib/gcc/riscv-none-elf/13.2.0/rv32ec/ilp32e/libgcc.a(div.o)
 .riscv.attributes
                0x000001ba       0x21 /home/fahmad/.local/xPacks/@xpack-dev-tools/riscv-none-elf-gcc/13.2.0-2.1/.content/bin/../lib/gcc/riscv-none-elf/13.2.0/../../../../riscv-none-elf/lib/rv32ec/ilp32e/libg_nano.a(libc_a-atexit.o)
 .riscv.attributes
                0x000001db       0x21 /home/fahmad/.local/xPacks/@xpack-dev-tools/riscv-none-elf-gcc/13.2.0-2.1/.content/bin/../lib/gcc/riscv-none-elf/13.2.0/../../../../riscv-none-elf/lib/rv32ec/ilp32e/libg_nano.a(libc_a-printf.o)
 .riscv.attributes
                0x000001fc       0x21 /home/fahmad/.local/xPacks/@xpack-dev-tools/riscv-none-elf-gcc/13.2.0-2.1/.content/bin/../lib/gcc/riscv-none-elf/13.2.0/../../../../riscv-none-elf/lib/rv32ec/ilp32e/libg_nano.a(libc_a-puts.o)
 .riscv.attributes
                0x0000021d       0x21 /home/fahmad/.local/xPacks/@xpack-dev-tools/riscv-none-elf-gcc/13.2.0-2.1/.content/bin/../lib/gcc/riscv-none-elf/13.2.0/../../../../riscv-none-elf/lib/rv32ec/ilp32e/libg_nano.a(libc_a-wbuf.o)
 .riscv.attributes
                0x0000023e       0x21 /home/fahmad/.local/xPacks/@xpack-dev-tools/riscv-none-elf-gcc/13.2.0-2.1/.content/bin/../lib/gcc/riscv-none-elf/13.2.0/../../../../riscv-none-elf/lib/rv32ec/ilp32e/libg_nano.a(libc_a-wsetup.o)
 .riscv.attributes
                0x0000025f       0x21 /home/fahmad/.local/xPacks/@xpack-dev-tools/riscv-none-elf-gcc/13.2.0-2.1/.content/bin/../lib/gcc/riscv-none-elf/13.2.0/../../../../riscv-none-elf/lib/rv32ec/ilp32e/libg_nano.a(libc_a-impure.o)
 .riscv.attributes
                0x00000280       0x21 /home/fahmad/.local/xPacks/@xpack-dev-tools/riscv-none-elf-gcc/13.2.0-2.1/.content/bin/../lib/gcc/riscv-none-elf/13.2.0/../../../../riscv-none-elf/lib/rv32ec/ilp32e/libg_nano.a(libc_a-init.o)
 .riscv.attributes
                0x000002a1       0x21 /home/fahmad/.local/xPacks/@xpack-dev-tools/riscv-none-elf-gcc/13.2.0-2.1/.content/bin/../lib/gcc/riscv-none-elf/13.2.0/../../../../riscv-none-elf/lib/rv32ec/ilp32e/libg_nano.a(libc_a-fini.o)
 .riscv.attributes
                0x000002c2       0x21 /home/fahmad/.local/xPacks/@xpack-dev-tools/riscv-none-elf-gcc/13.2.0-2.1/.content/bin/../lib/gcc/riscv-none-elf/13.2.0/../../../../riscv-none-elf/lib/rv32ec/ilp32e/libg_nano.a(libc_a-lock.o)
 .riscv.attributes
                0x000002e3       0x21 /home/fahmad/.local/xPacks/@xpack-dev-tools/riscv-none-elf-gcc/13.2.0-2.1/.content/bin/../lib/gcc/riscv-none-elf/13.2.0/../../../../riscv-none-elf/lib/rv32ec/ilp32e/libg_nano.a(libc_a-__atexit.o)
 .riscv.attributes
                0x00000304       0x21 /home/fahmad/.local/xPacks/@xpack-dev-tools/riscv-none-elf-gcc/13.2.0-2.1/.content/bin/../lib/gcc/riscv-none-elf/13.2.0/../../../../riscv-none-elf/lib/rv32ec/ilp32e/libg_nano.a(libc_a-__call_atexit.o)
 .riscv.attributes
                0x00000325       0x21 /home/fahmad/.local/xPacks/@xpack-dev-tools/riscv-none-elf-gcc/13.2.0-2.1/.content/bin/../lib/gcc/riscv-none-elf/13.2.0/../../../../riscv-none-elf/lib/rv32ec/ilp32e/libg_nano.a(libc_a-freer.o)
 .riscv.attributes
                0x00000346       0x21 /home/fahmad/.local/xPacks/@xpack-dev-tools/riscv-none-elf-gcc/13.2.0-2.1/.content/bin/../lib/gcc/riscv-none-elf/13.2.0/../../../../riscv-none-elf/lib/rv32ec/ilp32e/libg_nano.a(libc_a-mallocr.o)
 .riscv.attributes
                0x00000367       0x21 /home/fahmad/.local/xPacks/@xpack-dev-tools/riscv-none-elf-gcc/13.2.0-2.1/.content/bin/../lib/gcc/riscv-none-elf/13.2.0/../../../../riscv-none-elf/lib/rv32ec/ilp32e/libg_nano.a(libc_a-mlock.o)
 .riscv.attributes
                0x00000388       0x21 /home/fahmad/.local/xPacks/@xpack-dev-tools/riscv-none-elf-gcc/13.2.0-2.1/.content/bin/../lib/gcc/riscv-none-elf/13.2.0/../../../../riscv-none-elf/lib/rv32ec/ilp32e/libg_nano.a(libc_a-nano-vfprintf.o)
 .riscv.attributes
                0x000003a9       0x21 /home/fahmad/.local/xPacks/@xpack-dev-tools/riscv-none-elf-gcc/13.2.0-2.1/.content/bin/../lib/gcc/riscv-none-elf/13.2.0/../../../../riscv-none-elf/lib/rv32ec/ilp32e/libg_nano.a(libc_a-nano-vfprintf_i.o)
 .riscv.attributes
                0x000003ca       0x21 /home/fahmad/.local/xPacks/@xpack-dev-tools/riscv-none-elf-gcc/13.2.0-2.1/.content/bin/../lib/gcc/riscv-none-elf/13.2.0/../../../../riscv-none-elf/lib/rv32ec/ilp32e/libg_nano.a(libc_a-fflush.o)
 .riscv.attributes
                0x000003eb       0x21 /home/fahmad/.local/xPacks/@xpack-dev-tools/riscv-none-elf-gcc/13.2.0-2.1/.content/bin/../lib/gcc/riscv-none-elf/13.2.0/../../../../riscv-none-elf/lib/rv32ec/ilp32e/libg_nano.a(libc_a-findfp.o)
 .riscv.attributes
                0x0000040c       0x21 /home/fahmad/.local/xPacks/@xpack-dev-tools/riscv-none-elf-gcc/13.2.0-2.1/.content/bin/../lib/gcc/riscv-none-elf/13.2.0/../../../../riscv-none-elf/lib/rv32ec/ilp32e/libg_nano.a(libc_a-fwalk.o)
 .riscv.attributes
                0x0000042d       0x21 /home/fahmad/.local/xPacks/@xpack-dev-tools/riscv-none-elf-gcc/13.2.0-2.1/.content/bin/../lib/gcc/riscv-none-elf/13.2.0/../../../../riscv-none-elf/lib/rv32ec/ilp32e/libg_nano.a(libc_a-makebuf.o)
 .riscv.attributes
                0x0000044e       0x21 /home/fahmad/.local/xPacks/@xpack-dev-tools/riscv-none-elf-gcc/13.2.0-2.1/.content/bin/../lib/gcc/riscv-none-elf/13.2.0/../../../../riscv-none-elf/lib/rv32ec/ilp32e/libg_nano.a(libc_a-stdio.o)
 .riscv.attributes
                0x0000046f       0x21 /home/fahmad/.local/xPacks/@xpack-dev-tools/riscv-none-elf-gcc/13.2.0-2.1/.content/bin/../lib/gcc/riscv-none-elf/13.2.0/../../../../riscv-none-elf/lib/rv32ec/ilp32e/libg_nano.a(libc_a-memchr.o)
 .riscv.attributes
                0x00000490       0x21 /home/fahmad/.local/xPacks/@xpack-dev-tools/riscv-none-elf-gcc/13.2.0-2.1/.content/bin/../lib/gcc/riscv-none-elf/13.2.0/../../../../riscv-none-elf/lib/rv32ec/ilp32e/libg_nano.a(libc_a-closer.o)
 .riscv.attributes
                0x000004b1       0x21 /home/fahmad/.local/xPacks/@xpack-dev-tools/riscv-none-elf-gcc/13.2.0-2.1/.content/bin/../lib/gcc/riscv-none-elf/13.2.0/../../../../riscv-none-elf/lib/rv32ec/ilp32e/libg_nano.a(libc_a-reent.o)
 .riscv.attributes
                0x000004d2       0x21 /home/fahmad/.local/xPacks/@xpack-dev-tools/riscv-none-elf-gcc/13.2.0-2.1/.content/bin/../lib/gcc/riscv-none-elf/13.2.0/../../../../riscv-none-elf/lib/rv32ec/ilp32e/libg_nano.a(libc_a-fstatr.o)
 .riscv.attributes
                0x000004f3       0x21 /home/fahmad/.local/xPacks/@xpack-dev-tools/riscv-none-elf-gcc/13.2.0-2.1/.content/bin/../lib/gcc/riscv-none-elf/13.2.0/../../../../riscv-none-elf/lib/rv32ec/ilp32e/libg_nano.a(libc_a-isattyr.o)
 .riscv.attributes
                0x00000514       0x21 /home/fahmad/.local/xPacks/@xpack-dev-tools/riscv-none-elf-gcc/13.2.0-2.1/.content/bin/../lib/gcc/riscv-none-elf/13.2.0/../../../../riscv-none-elf/lib/rv32ec/ilp32e/libg_nano.a(libc_a-lseekr.o)
 .riscv.attributes
                0x00000535       0x21 /home/fahmad/.local/xPacks/@xpack-dev-tools/riscv-none-elf-gcc/13.2.0-2.1/.content/bin/../lib/gcc/riscv-none-elf/13.2.0/../../../../riscv-none-elf/lib/rv32ec/ilp32e/libg_nano.a(libc_a-readr.o)
 .riscv.attributes
                0x00000556       0x21 /home/fahmad/.local/xPacks/@xpack-dev-tools/riscv-none-elf-gcc/13.2.0-2.1/.content/bin/../lib/gcc/riscv-none-elf/13.2.0/../../../../riscv-none-elf/lib/rv32ec/ilp32e/libg_nano.a(libc_a-sbrkr.o)
 .riscv.attributes
                0x00000577       0x21 /home/fahmad/.local/xPacks/@xpack-dev-tools/riscv-none-elf-gcc/13.2.0-2.1/.content/bin/../lib/gcc/riscv-none-elf/13.2.0/../../../../riscv-none-elf/lib/rv32ec/ilp32e/libg_nano.a(libc_a-writer.o)
 .riscv.attributes
                0x00000598       0x1f /home/fahmad/.local/xPacks/@xpack-dev-tools/riscv-none-elf-gcc/13.2.0-2.1/.content/bin/../lib/gcc/riscv-none-elf/13.2.0/../../../../riscv-none-elf/lib/rv32ec/ilp32e/libg_nano.a(libc_a-memset.o)
 .riscv.attributes
                0x000005b7       0x21 /home/fahmad/.local/xPacks/@xpack-dev-tools/riscv-none-elf-gcc/13.2.0-2.1/.content/bin/../lib/gcc/riscv-none-elf/13.2.0/../../../../riscv-none-elf/lib/rv32ec/ilp32e/libnosys.a(close.o)
 .riscv.attributes
                0x000005d8       0x21 /home/fahmad/.local/xPacks/@xpack-dev-tools/riscv-none-elf-gcc/13.2.0-2.1/.content/bin/../lib/gcc/riscv-none-elf/13.2.0/../../../../riscv-none-elf/lib/rv32ec/ilp32e/libnosys.a(fstat.o)
 .riscv.attributes
                0x000005f9       0x21 /home/fahmad/.local/xPacks/@xpack-dev-tools/riscv-none-elf-gcc/13.2.0-2.1/.content/bin/../lib/gcc/riscv-none-elf/13.2.0/../../../../riscv-none-elf/lib/rv32ec/ilp32e/libnosys.a(isatty.o)
 .riscv.attributes
                0x0000061a       0x21 /home/fahmad/.local/xPacks/@xpack-dev-tools/riscv-none-elf-gcc/13.2.0-2.1/.content/bin/../lib/gcc/riscv-none-elf/13.2.0/../../../../riscv-none-elf/lib/rv32ec/ilp32e/libnosys.a(lseek.o)
 .riscv.attributes
                0x0000063b       0x21 /home/fahmad/.local/xPacks/@xpack-dev-tools/riscv-none-elf-gcc/13.2.0-2.1/.content/bin/../lib/gcc/riscv-none-elf/13.2.0/../../../../riscv-none-elf/lib/rv32ec/ilp32e/libnosys.a(read.o)

.debug_frame    0x00000000      0x6cc
 .debug_frame   0x00000000       0x44 ./build/./app/main.c.o
 .debug_frame   0x00000044       0xe8 ./build/./vendor/Debug/debug.c.o
 .debug_frame   0x0000012c      0x134 ./build/./vendor/Peripheral/src/ch32v00x_gpio.c.o
 .debug_frame   0x00000260       0x30 ./build/./vendor/Peripheral/src/ch32v00x_misc.c.o
 .debug_frame   0x00000290      0x1c0 ./build/./vendor/Peripheral/src/ch32v00x_rcc.c.o
 .debug_frame   0x00000450      0x204 ./build/./vendor/Peripheral/src/ch32v00x_usart.c.o
 .debug_frame   0x00000654       0x30 ./build/./vendor/User/ch32v00x_it.c.o
 .debug_frame   0x00000684       0x48 ./build/./vendor/User/system_ch32v00x.c.o
